  console.error
    <DashboardContent> is an async Client Component. Only Server Components can be async at the moment. This error is often caused by accidentally adding `'use client'` to a module that was originally written for the server.

    [0m [90m 27 |[39m         [36mconst[39m searchParams [33m=[39m [33mPromise[39m[33m.[39mresolve({ period[33m:[39m [32m'week'[39m })[33m;[39m
     [90m 28 |[39m         [36mconst[39m pageObj [33m=[39m [36mawait[39m [33mSalesAnalyticsPage[39m({ searchParams })[33m;[39m
    [31m[1m>[22m[39m[90m 29 |[39m         [36mconst[39m { container } [33m=[39m render(pageObj)[33m;[39m
     [90m    |[39m                                     [31m[1m^[22m[39m
     [90m 30 |[39m
     [90m 31 |[39m         [90m// Wait for the mock repository to return data[39m
     [90m 32 |[39m         [36mawait[39m waitFor(() [33m=>[39m {[0m

      at renderWithHooks (node_modules/react-dom/cjs/react-dom-client.development.js:7645:21)
      at updateFunctionComponent (node_modules/react-dom/cjs/react-dom-client.development.js:10166:19)
      at beginWork (node_modules/react-dom/cjs/react-dom-client.development.js:11778:18)
      at runWithFiberInDEV (node_modules/react-dom/cjs/react-dom-client.development.js:874:13)
      at performUnitOfWork (node_modules/react-dom/cjs/react-dom-client.development.js:17641:22)
      at workLoopSync (node_modules/react-dom/cjs/react-dom-client.development.js:17469:41)
      at renderRootSync (node_modules/react-dom/cjs/react-dom-client.development.js:17450:11)
      at performWorkOnRoot (node_modules/react-dom/cjs/react-dom-client.development.js:16504:11)
      at performWorkOnRootViaSchedulerTask (node_modules/react-dom/cjs/react-dom-client.development.js:18957:7)
      at flushActQueue (node_modules/react/cjs/react.development.js:590:34)
      at process.env.NODE_ENV.exports.act (node_modules/react/cjs/react.development.js:884:10)
      at node_modules/@testing-library/react/dist/act-compat.js:46:25
      at renderRoot (node_modules/@testing-library/react/dist/pure.js:189:26)
      at render (node_modules/@testing-library/react/dist/pure.js:291:10)
      at Object.<anonymous> (C:\Users\asia\Desktop\mall-dashboard\app\(dashboard)../../../../analytics/page.test.tsx:29:37)

  console.error
    A component suspended inside an `act` scope, but the `act` call was not awaited. When testing React components that depend on asynchronous data, you must await the result:
    
    await act(() => ...)

      at node_modules/react/cjs/react.development.js:890:23
      at invokeTheCallbackFunction (node_modules/jsdom/lib/jsdom/living/generated/Function.js:19:26)
      at node_modules/jsdom/lib/jsdom/browser/Window.js:613:9

node.exe : FAIL app/(dashboard)/analytics/page.test.tsx
위치 줄:1 문자:1
+ & "C:\Program Files\nodejs/node.exe" "C:\Program Files\nodejs/node_mo ...
+ ~~~~~~~~~~~~~~~~~~~~~~~~~~~~~~~~~~~~~~~~~~~~~~~~~~~~~~~~~~~~~~~~~~~~~
    + CategoryInfo          : NotSpecified: (FAIL app/(dashb...s/page.test.tsx:String) [], RemoteException
    + FullyQualifiedErrorId : NativeCommandError
 
  SalesAnalyticsPage Integration
    횞 should render the dashboard layout with all components (1054 ms)

  ??SalesAnalyticsPage Integration ??should render the dashboard layout with all components

    Unable to find an element with the text: 珥?留ㅼ텧. This could be because the text is broken up by multiple elements. In this case, you can provide a function for your text matcher 
to make your matcher more flexible.

    Ignored nodes: comments, script, style
    [36m<body>[39m
      [36m<div>[39m
        [36m<div[39m
          [33mclass[39m=[32m"max-w-7xl mx-auto px-4 sm:px-6 lg:px-8 py-8"[39m
        [36m>[39m
          [36m<div[39m
            [33mclass[39m=[32m"flex flex-col sm:flex-row justify-between items-start sm:items-center mb-6 gap-4"[39m
          [36m>[39m
            [36m<h1[39m
              [33mclass[39m=[32m"text-2xl font-bold text-gray-900 dark:text-gray-100"[39m
            [36m>[39m
              [0m留ㅼ텧 遺꾩꽍[0m
            [36m</h1>[39m
            [36m<div[39m
              [33mclass[39m=[32m"flex items-center gap-3 w-full sm:w-auto"[39m
            [36m>[39m
              [36m<select[39m
                [33mclass[39m=[32m"bg-white dark:bg-gray-800 border border-gray-300 dark:border-gray-700 text-gray-700 dark:text-gray-200 py-2 px-3 rounded-md shadow-sm focus:out
line-none focus:ring-2 focus:ring-blue-500 focus:border-blue-500"[39m
              [36m>[39m
                [36m<option[39m
                  [33mvalue[39m=[32m"week"[39m
                [36m>[39m
                  [0m?대쾲 二?[0m
                [36m</option>[39m
                [36m<option[39m
                  [33mvalue[39m=[32m"month"[39m
                [36m>[39m
                  [0m?대쾲 ??[0m
                [36m</option>[39m
                [36m<option[39m
                  [33mvalue[39m=[32m"quarter"[39m
                [36m>[39m
                  [0m?대쾲 遺꾧린[0m
                [36m</option>[39m
              [36m</select>[39m
              [36m<button[39m
                [33mclass[39m=[32m"flex items-center gap-2 bg-blue-600 hover:bg-blue-700 text-white py-2 px-4 rounded-md shadow-sm transition-colors text-sm font-medium"[39m
              [36m>[39m
                [36m<svg[39m
                  [33maria-hidden[39m=[32m"true"[39m
                  [33mclass[39m=[32m"lucide lucide-download"[39m
                  [33mfill[39m=[32m"none"[39m
                  [33mheight[39m=[32m"16"[39m
                  [33mstroke[39m=[32m"currentColor"[39m
                  [33mstroke-linecap[39m=[32m"round"[39m
                  [33mstroke-linejoin[39m=[32m"round"[39m
                  [33mstroke-width[39m=[32m"2"[39m
                  [33mviewBox[39m=[32m"0 0 24 24"[39m
                  [33mwidth[39m=[32m"16"[39m
                  [33mxmlns[39m=[32m"http://www.w3.org/2000/svg"[39m
                [36m>[39m
                  [36m<path[39m
                    [33md[39m=[32m"M12 15V3"[39m
                  [36m/>[39m
                  [36m<path[39m
                    [33md[39m=[32m"M21 15v4a2 2 0 0 1-2 2H5a2 2 0 0 1-2-2v-4"[39m
                  [36m/>[39m
                  [36m<path[39m
                    [33md[39m=[32m"m7 10 5 5 5-5"[39m
                  [36m/>[39m
                [36m</svg>[39m
                [0m?대낫?닿린[0m
              [36m</button>[39m
            [36m</div>[39m
          [36m</div>[39m
          [36m<div[39m
            [33mclass[39m=[32m"animate-pulse flex flex-col gap-6"[39m
          [36m>[39m
            [36m<div[39m
              [33mclass[39m=[32m"grid grid-cols-1 sm:grid-cols-2 lg:grid-cols-4 gap-4"[39m
            [36m>[39m
              [36m<div[39m
                [33mclass[39m=[32m"h-32 bg-gray-200 dark:bg-gray-800 rounded-xl"[39m
              [36m/>[39m
              [36m<div[39m
                [33mclass[39m=[32m"h-32 bg-gray-200 dark:bg-gray-800 rounded-xl"[39m
              [36m/>[39m
              [36m<div[39m
                [33mclass[39m=[32m"h-32 bg-gray-200 dark:bg-gray-800 rounded-xl"[39m
              [36m/>[39m
              [36m<div[39m
                [33mclass[39m=[32m"h-32 bg-gray-200 dark:bg-gray-800 rounded-xl"[39m
              [36m/>[39m
            [36m</div>[39m
            [36m<div[39m
              [33mclass[39m=[32m"h-80 bg-gray-200 dark:bg-gray-800 rounded-xl"[39m
            [36m/>[39m
            [36m<div[39m
              [33mclass[39m=[32m"grid grid-cols-1 lg:grid-cols-12 gap-6"[39m
            [36m>[39m
              [36m<div[39m
                [33mclass[39m=[32m"lg:col-span-4 h-96 bg-gray-200 dark:bg-gray-800 rounded-xl"[39m
              [36m/>[39m
              [36m<div[39m
                [33mclass[39m=[32m"lg:col-span-8 h-96 bg-gray-200 dark:bg-gray-800 rounded-xl"[39m
              [36m/>[39m
            [36m</div>[39m
          [36m</div>[39m
        [36m</div>[39m
      [36m</div>[39m
    [36m</body>[39m

    [0m [90m 30 |[39m
     [90m 31 |[39m         [90m// Wait for the mock repository to return data[39m
    [31m[1m>[22m[39m[90m 32 |[39m         [36mawait[39m waitFor(() [33m=>[39m {
     [90m    |[39m                      [31m[1m^[22m[39m
     [90m 33 |[39m             [90m// Header[39m
     [90m 34 |[39m             expect(screen[33m.[39mgetByText([32m'留ㅼ텧 遺꾩꽍'[39m))[33m.[39mtoBeInTheDocument()[33m;[39m
     [90m 35 |[39m             [90m// KPI[39m[0m

      at waitForWrapper (node_modules/@testing-library/dom/dist/wait-for.js:163:27)
      at Object.<anonymous> (C:\Users\asia\Desktop\mall-dashboard\app\(dashboard)../../../../analytics/page.test.tsx:32:22)

Test Suites: 1 failed, 1 total
Tests:       1 failed, 1 total
Snapshots:   0 total
Time:        1.801 s, estimated 2 s
Ran all test suites matching analytics.
